Region of depth 0 at (0, 0) of extent (745, 532)
Region of depth 1 at (87, 60) of extent (514, 401)
Region of depth 2 at (111, 109) of extent (174, 249)
Region of depth 2 at (318, 110) of extent (194, 250)
Region of depth 3 at (131, 133) of extent (125, 198)
Region of depth 3 at (371, 136) of extent (78, 86)
Region of depth 4 at (221, 141) of extent (20, 40)
Region of depth 4 at (387, 155) of extent (42, 53)
Region of depth 4 at (209, 188) of extent (20, 43)
Region of depth 4 at (209, 236) of extent (20, 42)
Region of depth 3 at (450, 241) of extent (49, 72)
Region of depth 3 at (329, 245) of extent (59, 67)
Region of depth 4 at (456, 249) of extent (33, 17)
Region of depth 4 at (342, 259) of extent (32, 44)
Region of depth 4 at (149, 296) of extent (81, 24)
Region of depth 5 at (153, 299) of extent (71, 18)
Region of depth 6 at (157, 303) of extent (62, 11)
Region of depth 7 at (169, 304) of extent (42, 9)
